c:\programming\railshootercpp\x64\debug\imports.lib.pdb
c:\programming\railshootercpp\x64\debug\imports.lib.idb
c:\programming\railshootercpp\imports.lib\x64\debug\shader.obj
c:\programming\railshootercpp\imports.lib\x64\debug\renderer.obj
c:\programming\railshootercpp\imports.lib\x64\debug\gameplayabilitysystem.obj
c:\programming\railshootercpp\imports.lib\x64\debug\gameplayabilitycomponent.obj
c:\programming\railshootercpp\imports.lib\x64\debug\gameplayeffectmodifier.obj
c:\programming\railshootercpp\imports.lib\x64\debug\gameplayeffect.obj
c:\programming\railshootercpp\imports.lib\x64\debug\attributeset.obj
c:\programming\railshootercpp\imports.lib\x64\debug\attribute.obj
c:\programming\railshootercpp\imports.lib\x64\debug\gameplayability.obj
c:\programming\railshootercpp\imports.lib\x64\debug\gameservicedelegate.obj
c:\programming\railshootercpp\imports.lib\x64\debug\gameservice.obj
c:\programming\railshootercpp\imports.lib\x64\debug\game.obj
c:\programming\railshootercpp\imports.lib\x64\debug\sparseset.obj
c:\programming\railshootercpp\imports.lib\x64\debug\componentallocator.obj
c:\programming\railshootercpp\imports.lib\x64\debug\bitvector.obj
c:\programming\railshootercpp\imports.lib\x64\debug\componentgroupidentifier.obj
c:\programming\railshootercpp\imports.lib\x64\debug\componentgroup.obj
c:\programming\railshootercpp\imports.lib\x64\debug\component.obj
c:\programming\railshootercpp\imports.lib\x64\debug\imports.obj
c:\programming\railshootercpp\imports.lib\x64\debug\entityid.obj
c:\programming\railshootercpp\x64\debug\imports.lib.lib
c:\programming\railshootercpp\imports.lib\x64\debug\imports.lib.tlog\cl.command.1.tlog
c:\programming\railshootercpp\imports.lib\x64\debug\imports.lib.tlog\cl.items.tlog
c:\programming\railshootercpp\imports.lib\x64\debug\imports.lib.tlog\cl.read.1.tlog
c:\programming\railshootercpp\imports.lib\x64\debug\imports.lib.tlog\cl.write.1.tlog
c:\programming\railshootercpp\imports.lib\x64\debug\imports.lib.tlog\lib-link.read.1.tlog
c:\programming\railshootercpp\imports.lib\x64\debug\imports.lib.tlog\lib-link.write.1.tlog
c:\programming\railshootercpp\imports.lib\x64\debug\imports.lib.tlog\lib.command.1.tlog
